pages_login_index	clean
pages_home_index	clean
subpackages_village_village_index	clean
subpackages_village_village_tag-posts	clean
subpackages_circles_circles_topic-detail	clean
subpackages_campus_campus_index	clean
subpackages_discover-extra_discover_matching	clean
subpackages_discover-extra_discover_history	clean
subpackages_tools_love-center_index	clean
subpackages_tools_heart-signals_index	clean
subpackages_tools_love-center_consulting	clean
subpackages_profile-extra_profile_visitors	clean
subpackages_profile-extra_profile_album	clean
subpackages_profile-extra_feedback_history	clean
subpackages_setup_campus_index	clean
subpackages_setup_showcase_index	clean
subpackages_legal_privacy_index	clean
subpackages_market_wallet_index	clean
pages_register_index	clean
pages_nearby_index	clean
subpackages_village_village_publish	clean
subpackages_village_village_history	clean
subpackages_circles_circles_post-topic	clean
subpackages_campus_campus_post-topic	clean
subpackages_discover-extra_discover_match-success	clean
subpackages_discover-extra_likes_index	clean
subpackages_tools_help_index	clean
subpackages_tools_activities_detail	clean
subpackages_profile-extra_settings_index	clean
subpackages_profile-extra_profile_other	clean
subpackages_profile-extra_profile_favorites	clean
subpackages_chat_chat-session_index	clean
subpackages_setup_schedule_index	clean
subpackages_support_feedback_index	clean
subpackages_legal_agreement_index	clean
subpackages_vip_index	clean
pages_register_success	clean
pages_messages_index	clean
subpackages_village_village_post	clean
subpackages_circles_circles_index	clean
subpackages_circles_circles_circle-home	clean
subpackages_campus_campus_topic-detail	clean
subpackages_discover-extra_home_segment	clean
subpackages_discover-extra_likes-visitors_index	clean
subpackages_tools_security_index	clean
subpackages_tools_love-center_nearby	clean
subpackages_profile-extra_verification_index	clean
subpackages_profile-extra_profile_location	clean
subpackages_profile-extra_profile_tasks	clean
subpackages_chat_official-chat_index	clean
subpackages_setup_recommend-pref_index	clean
subpackages_discover_discussions_index	clean
subpackages_market_detail_index	clean
subpackages_vip_promo-code	clean
pages_discover_index	clean
pages_profile_index	clean
subpackages_village_village_detail	clean
subpackages_circles_circles_topics	clean
subpackages_campus_campus_hub	clean
subpackages_campus_campus_certification	clean
subpackages_discover-extra_nearby_people	clean
subpackages_tools_daily-question_index	clean
subpackages_tools_search_index	clean
subpackages_tools_love-center_mbti	clean
subpackages_profile-extra_verification_real-name	clean
pages_discover_index	clean
pages_profile_index	clean
subpackages_village_village_detail	clean
subpackages_circles_circles_topics	clean
subpackages_campus_campus_hub	clean
subpackages_campus_campus_certification	clean
subpackages_discover-extra_nearby_people	clean
